Flutter assets will be downloaded from https://storage.flutter-io.cn. Make sure you trust this source!
Resolving dependencies...
Downloading packages...
  archive 3.6.1 (4.2.0 available)
  cupertino_http 2.4.0 (3.0.2 available)
  ffi 2.1.3 (2.2.0 available)
  flutter_lints 4.0.0 (6.0.0 available)
  intl 0.19.0 (0.20.3 available)
  lints 4.0.0 (6.1.0 available)
  matcher 0.12.17 (0.12.20 available)
  material_color_utilities 0.13.0 (0.13.1 available)
  path_provider_foundation 2.5.1 (2.6.0 available)
  shelf_web_socket 2.0.1 (3.0.0 available)
  test_api 0.7.7 (0.7.13 available)
Got dependencies!
11 packages have newer versions incompatible with dependency constraints.
Try `flutter pub outdated` for more information.
Running Gradle task 'assembleRelease'...                        
Warning: Flutter support for your project's Gradle version (8.14.0) will soon be dropped. Please upgrade your Gradle version to a version of at least 9.1.0 soon.
Alternatively, use the flag "--android-skip-build-dependency-validation" to bypass this check.

Potential fix: Your project's gradle version is typically defined in the gradle wrapper file. By default, this can be found at E:\project\cyanweather\webf\android/gradle/wrapper/gradle-wrapper.properties. 
For more information, see https://docs.gradle.org/current/userguide/gradle_wrapper.html.

Warning: Flutter support for your project's Android Gradle Plugin version (Android Gradle Plugin version 8.11.1) will soon be dropped. Please upgrade your Android Gradle Plugin version to a version of at least Android Gradle Plugin version 9.0.1 soon.
Alternatively, use the flag "--android-skip-build-dependency-validation" to bypass this check.

Potential fix: Your project's AGP version is typically defined in the plugins block of the `settings.gradle` file (E:\project\cyanweather\webf\android/settings.gradle), by a plugin with the id of com.android.application. 
If you don't see a plugins block, your project was likely created with an older template version. In this case it is most likely defined in the top-level build.gradle file (E:\project\cyanweather\webf\android/build.gradle) by the following line in the dependencies block of the buildscript: "classpath 'com.android.tools.build:gradle:<version>'".

Warning: Flutter support for your project's Kotlin version (2.2.20) will soon be dropped. Please upgrade your Kotlin version to a version of at least 2.3.20 soon.
Alternatively, use the flag "--android-skip-build-dependency-validation" to bypass this check.

Potential fix: Your project's KGP version is typically defined in the plugins block of the `settings.gradle` file (E:\project\cyanweather\webf\android/settings.gradle), by a plugin with the id of org.jetbrains.kotlin.android. 
If you don't see a plugins block, your project was likely created with an older template version, in which case it is most likely defined in the top-level build.gradle file (E:\project\cyanweather\webf\android/build.gradle) by the ext.kotlin_version property.

Flutter assets will be downloaded from https://storage.flutter-io.cn. Make sure you trust this source!
Font asset "MaterialIcons-Regular.otf" was tree-shaken, reducing it from 1645184 to 1932 bytes (99.9% reduction). Tree-shaking can be disabled by providing the --no-tree-shake-icons flag when building your app.
Running Gradle task 'assembleRelease'...                           14.4s
√ Built build\app\outputs\flutter-apk\app-release.apk (84.7MB)
