
> Configure project :shared
w: The following Kotlin/Native targets cannot be built on this machine and are disabled:
iosArm64, iosSimulatorArm64, iosX64
To hide this message, add 'kotlin.native.ignoreDisabledTargets=true' to the Gradle properties.

WARNING: We recommend using a newer Android Gradle plugin to use compileSdk = 36

This Android Gradle plugin (8.5.2) was tested up to compileSdk = 34.

You are strongly encouraged to update your project to use a newer
Android Gradle plugin that has been tested with compileSdk = 36.

If you are already using the latest version of the Android Gradle plugin,
you may need to wait until a newer version with support for compileSdk = 36 is available.

For more information refer to the compatibility table:
https://d.android.com/r/tools/api-level-support

To suppress this warning, add/update
    android.suppressUnsupportedCompileSdk=36
to this project's gradle.properties.

> Task :shared:preBuild UP-TO-DATE
> Task :shared:preReleaseBuild UP-TO-DATE
> Task :shared:writeReleaseAarMetadata UP-TO-DATE
> Task :shared:generateReleaseResValues UP-TO-DATE
> Task :shared:generateReleaseResources UP-TO-DATE
> Task :shared:packageReleaseResources UP-TO-DATE
> Task :shared:extractDeepLinksRelease UP-TO-DATE
> Task :shared:processReleaseManifest UP-TO-DATE
> Task :app:buildKotlinToolingMetadata UP-TO-DATE
> Task :shared:compileReleaseLibraryResources UP-TO-DATE
> Task :app:checkKotlinGradlePluginConfigurationErrors SKIPPED
> Task :app:preBuild UP-TO-DATE
> Task :app:preReleaseBuild UP-TO-DATE
> Task :shared:parseReleaseLocalResources UP-TO-DATE
> Task :shared:generateReleaseRFile UP-TO-DATE
> Task :shared:checkKotlinGradlePluginConfigurationErrors SKIPPED
> Task :shared:compileReleaseKotlinAndroid UP-TO-DATE
> Task :shared:javaPreCompileRelease UP-TO-DATE
> Task :shared:compileReleaseJavaWithJavac NO-SOURCE
> Task :shared:bundleLibCompileToJarRelease UP-TO-DATE
> Task :shared:bundleLibRuntimeToJarRelease UP-TO-DATE
> Task :shared:processReleaseJavaRes UP-TO-DATE
> Task :shared:createFullJarRelease UP-TO-DATE
> Task :shared:extractProguardFiles UP-TO-DATE
> Task :shared:generateReleaseLintModel UP-TO-DATE
> Task :shared:prepareLintJarForPublish UP-TO-DATE
> Task :shared:mergeReleaseJniLibFolders UP-TO-DATE
> Task :shared:mergeReleaseNativeLibs NO-SOURCE
> Task :shared:stripReleaseDebugSymbols NO-SOURCE
> Task :shared:copyReleaseJniLibsProjectAndLocalJars UP-TO-DATE
> Task :shared:extractDeepLinksForAarRelease UP-TO-DATE
> Task :app:checkReleaseAarMetadata UP-TO-DATE
> Task :app:generateReleaseResValues UP-TO-DATE
> Task :app:mapReleaseSourceSetPaths UP-TO-DATE
> Task :app:generateReleaseResources UP-TO-DATE
> Task :app:mergeReleaseResources UP-TO-DATE
> Task :shared:extractReleaseAnnotations UP-TO-DATE
> Task :app:packageReleaseResources UP-TO-DATE
> Task :shared:mergeReleaseGeneratedProguardFiles UP-TO-DATE
> Task :shared:mergeReleaseConsumerProguardFiles UP-TO-DATE
> Task :shared:mergeReleaseShaders UP-TO-DATE
> Task :shared:compileReleaseShaders NO-SOURCE
> Task :app:parseReleaseLocalResources UP-TO-DATE
> Task :shared:generateReleaseAssets UP-TO-DATE
> Task :app:createReleaseCompatibleScreenManifests UP-TO-DATE
> Task :shared:releaseAssetsCopyForAGP NO-SOURCE
> Task :app:extractDeepLinksRelease UP-TO-DATE
> Task :shared:packageReleaseAssets UP-TO-DATE
> Task :shared:prepareReleaseArtProfile UP-TO-DATE
> Task :shared:mergeReleaseJavaResource UP-TO-DATE
> Task :shared:syncReleaseLibJars UP-TO-DATE
> Task :shared:bundleReleaseLocalLintAar UP-TO-DATE
> Task :app:processReleaseMainManifest UP-TO-DATE
> Task :app:processReleaseManifest UP-TO-DATE
> Task :app:processReleaseManifestForPackage UP-TO-DATE
> Task :shared:lintVitalAnalyzeRelease UP-TO-DATE
> Task :shared:writeReleaseLintModelMetadata UP-TO-DATE
> Task :shared:generateReleaseLintVitalModel UP-TO-DATE
> Task :shared:copyReleaseJniLibsProjectOnly UP-TO-DATE
> Task :shared:bundleLibRuntimeToDirRelease UP-TO-DATE
> Task :shared:bundleReleaseAar UP-TO-DATE
> Task :shared:mapReleaseSourceSetPaths UP-TO-DATE
> Task :shared:mergeReleaseResources UP-TO-DATE
> Task :shared:verifyReleaseResources UP-TO-DATE
> Task :shared:assembleRelease UP-TO-DATE
> Task :app:processReleaseResources UP-TO-DATE
> Task :app:javaPreCompileRelease UP-TO-DATE
> Task :app:extractProguardFiles UP-TO-DATE
> Task :app:mergeReleaseJniLibFolders UP-TO-DATE
> Task :app:mergeReleaseNativeLibs UP-TO-DATE
> Task :app:stripReleaseDebugSymbols UP-TO-DATE
> Task :app:extractReleaseNativeSymbolTables UP-TO-DATE
> Task :app:mergeReleaseNativeDebugMetadata NO-SOURCE
> Task :app:mergeReleaseArtProfile UP-TO-DATE
> Task :app:expandReleaseL8ArtProfileWildcards UP-TO-DATE
> Task :app:checkReleaseDuplicateClasses UP-TO-DATE
> Task :app:desugarReleaseFileDependencies UP-TO-DATE
> Task :app:mergeReleaseStartupProfile UP-TO-DATE
> Task :app:mergeExtDexRelease UP-TO-DATE
> Task :app:mergeReleaseShaders UP-TO-DATE
> Task :app:compileReleaseShaders NO-SOURCE
> Task :app:generateReleaseAssets UP-TO-DATE
> Task :app:mergeReleaseAssets UP-TO-DATE
> Task :app:compressReleaseAssets UP-TO-DATE
> Task :app:extractReleaseVersionControlInfo UP-TO-DATE
> Task :app:optimizeReleaseResources UP-TO-DATE
> Task :app:collectReleaseDependencies UP-TO-DATE
> Task :app:sdkReleaseDependencyData UP-TO-DATE
> Task :app:validateSigningRelease UP-TO-DATE
> Task :app:writeReleaseAppMetadata UP-TO-DATE
> Task :app:writeReleaseSigningConfigVersions UP-TO-DATE
> Task :app:compileReleaseKotlin
> Task :app:compileReleaseJavaWithJavac NO-SOURCE
> Task :app:generateReleaseLintVitalReportModel
> Task :app:dexBuilderRelease
> Task :app:mergeReleaseGlobalSynthetics UP-TO-DATE
> Task :app:processReleaseJavaRes UP-TO-DATE
> Task :app:mergeReleaseJavaResource UP-TO-DATE
> Task :app:mergeDexRelease

> Task :app:l8DexDesugarLibRelease
Info: Proguard configuration rule does not match anything: `-keepclassmembers class j$.util.concurrent.ConcurrentHashMap$TreeBin {
  int lockState;
}`
Info: Proguard configuration rule does not match anything: `-keepclassmembers class j$.util.concurrent.ConcurrentHashMap {
  int sizeCtl;
  int transferIndex;
  long baseCount;
  int cellsBusy;
}`
Info: Proguard configuration rule does not match anything: `-keepclassmembers class j$.util.concurrent.ConcurrentHashMap$CounterCell {
  long value;
}`
Info: Proguard configuration rule does not match anything: `-keepclassmembers class j$.util.IntSummaryStatistics {
  long count;
  long sum;
  int min;
  int max;
}`
Info: Proguard configuration rule does not match anything: `-keepclassmembers class j$.util.LongSummaryStatistics {
  long count;
  long sum;
  long min;
  long max;
}`
Info: Proguard configuration rule does not match anything: `-keepclassmembers class j$.util.DoubleSummaryStatistics {
  long count;
  double sum;
  double min;
  double max;
}`

> Task :app:compileReleaseArtProfile
> Task :app:packageRelease
> Task :app:createReleaseApkListingFileRedirect UP-TO-DATE
> Task :app:lintVitalAnalyzeRelease
> Task :app:lintVitalReportRelease UP-TO-DATE
> Task :app:lintVitalRelease
> Task :app:assembleRelease

BUILD SUCCESSFUL in 35s
89 actionable tasks: 9 executed, 80 up-to-date
